--------------------------------------------------------------------------------
Release 14.7 Trace  (nt)
Copyright (c) 1995-2013 Xilinx, Inc.  All rights reserved.

C:\Windows\14.7\ISE_DS\ISE\bin\nt\unwrapped\trce.exe -intstyle ise -v 3 -s 3 -n
3 -fastpaths -xml resgister_fil.twx resgister_fil.ncd -o resgister_fil.twr
resgister_fil.pcf

Design file:              resgister_fil.ncd
Physical constraint file: resgister_fil.pcf
Device,package,speed:     xc6slx16,csg324,C,-3 (PRODUCTION 1.23 2013-10-13)
Report level:             verbose report

Environment Variable      Effect 
--------------------      ------ 
NONE                      No environment variables were set
--------------------------------------------------------------------------------

INFO:Timing:2698 - No timing constraints found, doing default enumeration.
INFO:Timing:3412 - To improve timing, see the Timing Closure User Guide (UG612).
INFO:Timing:2752 - To get complete path coverage, use the unconstrained paths 
   option. All paths that are not constrained will be reported in the 
   unconstrained paths section(s) of the report.
INFO:Timing:3339 - The clock-to-out numbers in this timing report are based on 
   a 50 Ohm transmission line loading model.  For the details of this model, 
   and for more information on accounting for different loading conditions, 
   please see the device datasheet.



Data Sheet report:
-----------------
All values displayed in nanoseconds (ns)

Setup/Hold to clock clk
------------+------------+------------+------------+------------+------------------+--------+
            |Max Setup to|  Process   |Max Hold to |  Process   |                  | Clock  |
Source      | clk (edge) |   Corner   | clk (edge) |   Corner   |Internal Clock(s) | Phase  |
------------+------------+------------+------------+------------+------------------+--------+
data_i<0>   |    0.487(R)|      FAST  |    0.897(R)|      SLOW  |clk_IBUF_BUFG     |   0.000|
data_i<1>   |    1.215(R)|      FAST  |   -0.081(R)|      SLOW  |clk_IBUF_BUFG     |   0.000|
data_i<2>   |    1.381(R)|      FAST  |   -0.354(R)|      SLOW  |clk_IBUF_BUFG     |   0.000|
data_i<3>   |    1.218(R)|      FAST  |   -0.087(R)|      SLOW  |clk_IBUF_BUFG     |   0.000|
data_i<4>   |    1.249(R)|      FAST  |   -0.150(R)|      SLOW  |clk_IBUF_BUFG     |   0.000|
data_i<5>   |    1.440(R)|      SLOW  |   -0.428(R)|      SLOW  |clk_IBUF_BUFG     |   0.000|
data_i<6>   |    1.322(R)|      FAST  |   -0.269(R)|      SLOW  |clk_IBUF_BUFG     |   0.000|
data_i<7>   |    1.217(R)|      FAST  |   -0.099(R)|      SLOW  |clk_IBUF_BUFG     |   0.000|
data_i<8>   |    1.356(R)|      FAST  |   -0.314(R)|      SLOW  |clk_IBUF_BUFG     |   0.000|
data_i<9>   |    1.313(R)|      FAST  |   -0.257(R)|      SLOW  |clk_IBUF_BUFG     |   0.000|
data_i<10>  |    1.346(R)|      FAST  |   -0.308(R)|      SLOW  |clk_IBUF_BUFG     |   0.000|
data_i<11>  |    0.017(R)|      FAST  |    1.245(R)|      SLOW  |clk_IBUF_BUFG     |   0.000|
data_i<12>  |    0.041(R)|      FAST  |    1.189(R)|      SLOW  |clk_IBUF_BUFG     |   0.000|
data_i<13>  |    0.010(R)|      FAST  |    1.252(R)|      SLOW  |clk_IBUF_BUFG     |   0.000|
data_i<14>  |    1.913(R)|      SLOW  |   -0.872(R)|      SLOW  |clk_IBUF_BUFG     |   0.000|
data_i<15>  |    1.354(R)|      SLOW  |   -0.343(R)|      SLOW  |clk_IBUF_BUFG     |   0.000|
data_i<16>  |    1.886(R)|      SLOW  |   -0.846(R)|      SLOW  |clk_IBUF_BUFG     |   0.000|
data_i<17>  |    1.757(R)|      SLOW  |   -0.723(R)|      SLOW  |clk_IBUF_BUFG     |   0.000|
data_i<18>  |    2.096(R)|      SLOW  |   -1.045(R)|      SLOW  |clk_IBUF_BUFG     |   0.000|
data_i<19>  |    1.665(R)|      SLOW  |   -0.642(R)|      SLOW  |clk_IBUF_BUFG     |   0.000|
data_i<20>  |    0.049(R)|      FAST  |    1.181(R)|      SLOW  |clk_IBUF_BUFG     |   0.000|
data_i<21>  |    2.036(R)|      SLOW  |   -0.988(R)|      SLOW  |clk_IBUF_BUFG     |   0.000|
data_i<22>  |    2.085(R)|      SLOW  |   -1.033(R)|      SLOW  |clk_IBUF_BUFG     |   0.000|
data_i<23>  |    1.856(R)|      SLOW  |   -0.812(R)|      SLOW  |clk_IBUF_BUFG     |   0.000|
data_i<24>  |    1.872(R)|      SLOW  |   -0.827(R)|      SLOW  |clk_IBUF_BUFG     |   0.000|
rst         |    3.392(R)|      SLOW  |    0.575(R)|      SLOW  |clk_IBUF_BUFG     |   0.000|
------------+------------+------------+------------+------------+------------------+--------+

Clock clk to Pad
------------+-----------------+------------+-----------------+------------+------------------+--------+
            |Max (slowest) clk|  Process   |Min (fastest) clk|  Process   |                  | Clock  |
Destination |  (edge) to PAD  |   Corner   |  (edge) to PAD  |   Corner   |Internal Clock(s) | Phase  |
------------+-----------------+------------+-----------------+------------+------------------+--------+
data_o<0>   |         6.199(R)|      SLOW  |         2.823(R)|      FAST  |clk_IBUF_BUFG     |   0.000|
data_o<1>   |         6.232(R)|      SLOW  |         2.856(R)|      FAST  |clk_IBUF_BUFG     |   0.000|
data_o<2>   |         6.232(R)|      SLOW  |         2.856(R)|      FAST  |clk_IBUF_BUFG     |   0.000|
data_o<3>   |         6.282(R)|      SLOW  |         2.906(R)|      FAST  |clk_IBUF_BUFG     |   0.000|
data_o<4>   |         6.282(R)|      SLOW  |         2.906(R)|      FAST  |clk_IBUF_BUFG     |   0.000|
data_o<5>   |         6.237(R)|      SLOW  |         2.861(R)|      FAST  |clk_IBUF_BUFG     |   0.000|
data_o<6>   |         6.237(R)|      SLOW  |         2.861(R)|      FAST  |clk_IBUF_BUFG     |   0.000|
data_o<7>   |         6.287(R)|      SLOW  |         2.911(R)|      FAST  |clk_IBUF_BUFG     |   0.000|
data_o<8>   |         6.287(R)|      SLOW  |         2.911(R)|      FAST  |clk_IBUF_BUFG     |   0.000|
data_o<9>   |         6.295(R)|      SLOW  |         2.919(R)|      FAST  |clk_IBUF_BUFG     |   0.000|
data_o<10>  |         6.295(R)|      SLOW  |         2.919(R)|      FAST  |clk_IBUF_BUFG     |   0.000|
data_o<11>  |         8.378(R)|      SLOW  |         4.448(R)|      FAST  |clk_IBUF_BUFG     |   0.000|
data_o<12>  |         9.019(R)|      SLOW  |         4.843(R)|      FAST  |clk_IBUF_BUFG     |   0.000|
data_o<13>  |         8.876(R)|      SLOW  |         4.768(R)|      FAST  |clk_IBUF_BUFG     |   0.000|
data_o<14>  |         6.302(R)|      SLOW  |         2.926(R)|      FAST  |clk_IBUF_BUFG     |   0.000|
data_o<15>  |         6.265(R)|      SLOW  |         2.889(R)|      FAST  |clk_IBUF_BUFG     |   0.000|
data_o<16>  |         6.265(R)|      SLOW  |         2.889(R)|      FAST  |clk_IBUF_BUFG     |   0.000|
data_o<17>  |         6.316(R)|      SLOW  |         2.940(R)|      FAST  |clk_IBUF_BUFG     |   0.000|
data_o<18>  |         6.316(R)|      SLOW  |         2.940(R)|      FAST  |clk_IBUF_BUFG     |   0.000|
data_o<19>  |         6.269(R)|      SLOW  |         2.893(R)|      FAST  |clk_IBUF_BUFG     |   0.000|
data_o<20>  |         9.382(R)|      SLOW  |         5.024(R)|      FAST  |clk_IBUF_BUFG     |   0.000|
data_o<21>  |         6.319(R)|      SLOW  |         2.943(R)|      FAST  |clk_IBUF_BUFG     |   0.000|
data_o<22>  |         6.319(R)|      SLOW  |         2.943(R)|      FAST  |clk_IBUF_BUFG     |   0.000|
data_o<23>  |         6.326(R)|      SLOW  |         2.950(R)|      FAST  |clk_IBUF_BUFG     |   0.000|
data_o<24>  |         6.326(R)|      SLOW  |         2.950(R)|      FAST  |clk_IBUF_BUFG     |   0.000|
------------+-----------------+------------+-----------------+------------+------------------+--------+

Clock to Setup on destination clock clk
---------------+---------+---------+---------+---------+
               | Src:Rise| Src:Fall| Src:Rise| Src:Fall|
Source Clock   |Dest:Rise|Dest:Rise|Dest:Fall|Dest:Fall|
---------------+---------+---------+---------+---------+
clk            |    3.512|    3.512|         |         |
---------------+---------+---------+---------+---------+


Analysis completed Tue Apr 14 00:39:16 2015 
--------------------------------------------------------------------------------

Trace Settings:
-------------------------
Trace Settings 

Peak Memory Usage: 151 MB



