Release 14.7 - xst P.20131013 (nt)
Copyright (c) 1995-2013 Xilinx, Inc.  All rights reserved.
--> Parameter TMPDIR set to xst/projnav.tmp


Total REAL time to Xst completion: 0.00 secs
Total CPU time to Xst completion: 0.13 secs
 
--> Parameter xsthdpdir set to xst


Total REAL time to Xst completion: 0.00 secs
Total CPU time to Xst completion: 0.13 secs
 
--> Reading design: unidad_aritmetica.prj

TABLE OF CONTENTS
  1) Synthesis Options Summary
  2) HDL Parsing
  3) HDL Elaboration
  4) HDL Synthesis
       4.1) HDL Synthesis Report
  5) Advanced HDL Synthesis
       5.1) Advanced HDL Synthesis Report
  6) Low Level Synthesis
  7) Partition Report
  8) Design Summary
       8.1) Primitive and Black Box Usage
       8.2) Device utilization summary
       8.3) Partition Resource Summary
       8.4) Timing Report
            8.4.1) Clock Information
            8.4.2) Asynchronous Control Signals Information
            8.4.3) Timing Summary
            8.4.4) Timing Details
            8.4.5) Cross Clock Domains Report


=========================================================================
*                      Synthesis Options Summary                        *
=========================================================================
---- Source Parameters
Input File Name                    : "unidad_aritmetica.prj"
Ignore Synthesis Constraint File   : NO

---- Target Parameters
Output File Name                   : "unidad_aritmetica"
Output Format                      : NGC
Target Device                      : xc6slx16-2-csg324

---- Source Options
Top Module Name                    : unidad_aritmetica
Automatic FSM Extraction           : YES
FSM Encoding Algorithm             : Auto
Safe Implementation                : No
FSM Style                          : LUT
RAM Extraction                     : Yes
RAM Style                          : Auto
ROM Extraction                     : Yes
Shift Register Extraction          : YES
ROM Style                          : Auto
Resource Sharing                   : YES
Asynchronous To Synchronous        : NO
Shift Register Minimum Size        : 2
Use DSP Block                      : Auto
Automatic Register Balancing       : No

---- Target Options
LUT Combining                      : Auto
Reduce Control Sets                : Auto
Add IO Buffers                     : YES
Global Maximum Fanout              : 100000
Add Generic Clock Buffer(BUFG)     : 16
Register Duplication               : YES
Optimize Instantiated Primitives   : NO
Use Clock Enable                   : Auto
Use Synchronous Set                : Auto
Use Synchronous Reset              : Auto
Pack IO Registers into IOBs        : Auto
Equivalent register Removal        : YES

---- General Options
Optimization Goal                  : Speed
Optimization Effort                : 1
Power Reduction                    : NO
Keep Hierarchy                     : No
Netlist Hierarchy                  : As_Optimized
RTL Output                         : Yes
Global Optimization                : AllClockNets
Read Cores                         : YES
Write Timing Constraints           : NO
Cross Clock Analysis               : NO
Hierarchy Separator                : /
Bus Delimiter                      : <>
Case Specifier                     : Maintain
Slice Utilization Ratio            : 100
BRAM Utilization Ratio             : 100
DSP48 Utilization Ratio            : 100
Auto BRAM Packing                  : NO
Slice Utilization Ratio Delta      : 5

=========================================================================


=========================================================================
*                          HDL Parsing                                  *
=========================================================================
Analyzing Verilog file "C:\Users\Javier\Desktop\LabDigitales\Proyecto1Filtro\unidad_aritmetica.v" into library work
Parsing module <unidad_aritmetica>.

=========================================================================
*                            HDL Elaboration                            *
=========================================================================

Elaborating module <unidad_aritmetica>.

=========================================================================
*                           HDL Synthesis                               *
=========================================================================

Synthesizing Unit <unidad_aritmetica>.
    Related source file is "C:\Users\Javier\Desktop\LabDigitales\Proyecto1Filtro\unidad_aritmetica.v".
        largo = 24
    Found 25-bit subtractor for signal <a[24]_b[24]_sub_2_OUT> created at line 36.
    Found 25-bit adder for signal <a[24]_b[24]_add_0_OUT> created at line 32.
    Found 25x25-bit multiplier for signal <n0084> created at line 40.
WARNING:Xst:737 - Found 1-bit latch for signal <y<23>>. Latches may be generated from incomplete case or if statements. We do not recommend the use of latches in FPGA/CPLD designs, as they may lead to timing problems.
WARNING:Xst:737 - Found 1-bit latch for signal <y<22>>. Latches may be generated from incomplete case or if statements. We do not recommend the use of latches in FPGA/CPLD designs, as they may lead to timing problems.
WARNING:Xst:737 - Found 1-bit latch for signal <y<21>>. Latches may be generated from incomplete case or if statements. We do not recommend the use of latches in FPGA/CPLD designs, as they may lead to timing problems.
WARNING:Xst:737 - Found 1-bit latch for signal <y<20>>. Latches may be generated from incomplete case or if statements. We do not recommend the use of latches in FPGA/CPLD designs, as they may lead to timing problems.
WARNING:Xst:737 - Found 1-bit latch for signal <y<19>>. Latches may be generated from incomplete case or if statements. We do not recommend the use of latches in FPGA/CPLD designs, as they may lead to timing problems.
WARNING:Xst:737 - Found 1-bit latch for signal <y<18>>. Latches may be generated from incomplete case or if statements. We do not recommend the use of latches in FPGA/CPLD designs, as they may lead to timing problems.
WARNING:Xst:737 - Found 1-bit latch for signal <y<17>>. Latches may be generated from incomplete case or if statements. We do not recommend the use of latches in FPGA/CPLD designs, as they may lead to timing problems.
WARNING:Xst:737 - Found 1-bit latch for signal <y<16>>. Latches may be generated from incomplete case or if statements. We do not recommend the use of latches in FPGA/CPLD designs, as they may lead to timing problems.
WARNING:Xst:737 - Found 1-bit latch for signal <y<15>>. Latches may be generated from incomplete case or if statements. We do not recommend the use of latches in FPGA/CPLD designs, as they may lead to timing problems.
WARNING:Xst:737 - Found 1-bit latch for signal <y<14>>. Latches may be generated from incomplete case or if statements. We do not recommend the use of latches in FPGA/CPLD designs, as they may lead to timing problems.
WARNING:Xst:737 - Found 1-bit latch for signal <y<13>>. Latches may be generated from incomplete case or if statements. We do not recommend the use of latches in FPGA/CPLD designs, as they may lead to timing problems.
WARNING:Xst:737 - Found 1-bit latch for signal <y<12>>. Latches may be generated from incomplete case or if statements. We do not recommend the use of latches in FPGA/CPLD designs, as they may lead to timing problems.
WARNING:Xst:737 - Found 1-bit latch for signal <y<11>>. Latches may be generated from incomplete case or if statements. We do not recommend the use of latches in FPGA/CPLD designs, as they may lead to timing problems.
WARNING:Xst:737 - Found 1-bit latch for signal <y<10>>. Latches may be generated from incomplete case or if statements. We do not recommend the use of latches in FPGA/CPLD designs, as they may lead to timing problems.
WARNING:Xst:737 - Found 1-bit latch for signal <y<9>>. Latches may be generated from incomplete case or if statements. We do not recommend the use of latches in FPGA/CPLD designs, as they may lead to timing problems.
WARNING:Xst:737 - Found 1-bit latch for signal <y<8>>. Latches may be generated from incomplete case or if statements. We do not recommend the use of latches in FPGA/CPLD designs, as they may lead to timing problems.
WARNING:Xst:737 - Found 1-bit latch for signal <y<7>>. Latches may be generated from incomplete case or if statements. We do not recommend the use of latches in FPGA/CPLD designs, as they may lead to timing problems.
WARNING:Xst:737 - Found 1-bit latch for signal <y<6>>. Latches may be generated from incomplete case or if statements. We do not recommend the use of latches in FPGA/CPLD designs, as they may lead to timing problems.
WARNING:Xst:737 - Found 1-bit latch for signal <y<5>>. Latches may be generated from incomplete case or if statements. We do not recommend the use of latches in FPGA/CPLD designs, as they may lead to timing problems.
WARNING:Xst:737 - Found 1-bit latch for signal <y<4>>. Latches may be generated from incomplete case or if statements. We do not recommend the use of latches in FPGA/CPLD designs, as they may lead to timing problems.
WARNING:Xst:737 - Found 1-bit latch for signal <y<3>>. Latches may be generated from incomplete case or if statements. We do not recommend the use of latches in FPGA/CPLD designs, as they may lead to timing problems.
WARNING:Xst:737 - Found 1-bit latch for signal <y<2>>. Latches may be generated from incomplete case or if statements. We do not recommend the use of latches in FPGA/CPLD designs, as they may lead to timing problems.
WARNING:Xst:737 - Found 1-bit latch for signal <y<1>>. Latches may be generated from incomplete case or if statements. We do not recommend the use of latches in FPGA/CPLD designs, as they may lead to timing problems.
WARNING:Xst:737 - Found 1-bit latch for signal <y<0>>. Latches may be generated from incomplete case or if statements. We do not recommend the use of latches in FPGA/CPLD designs, as they may lead to timing problems.
WARNING:Xst:737 - Found 1-bit latch for signal <overflow>. Latches may be generated from incomplete case or if statements. We do not recommend the use of latches in FPGA/CPLD designs, as they may lead to timing problems.
WARNING:Xst:737 - Found 1-bit latch for signal <y<24>>. Latches may be generated from incomplete case or if statements. We do not recommend the use of latches in FPGA/CPLD designs, as they may lead to timing problems.
    Summary:
	inferred   1 Multiplier(s).
	inferred   2 Adder/Subtractor(s).
	inferred  26 Latch(s).
	inferred   2 Multiplexer(s).
Unit <unidad_aritmetica> synthesized.

=========================================================================
HDL Synthesis Report

Macro Statistics
# Multipliers                                          : 1
 25x25-bit multiplier                                  : 1
# Adders/Subtractors                                   : 2
 25-bit adder                                          : 1
 25-bit subtractor                                     : 1
# Latches                                              : 26
 1-bit latch                                           : 26
# Multiplexers                                         : 2
 25-bit 2-to-1 multiplexer                             : 2

=========================================================================

=========================================================================
*                       Advanced HDL Synthesis                          *
=========================================================================

WARNING:Xst:1710 - FF/Latch <overflow> (without init value) has a constant value of 1 in block <unidad_aritmetica>. This FF/Latch will be trimmed during the optimization process.

=========================================================================
Advanced HDL Synthesis Report

Macro Statistics
# Multipliers                                          : 1
 25x25-bit multiplier                                  : 1
# Adders/Subtractors                                   : 2
 25-bit adder                                          : 1
 25-bit subtractor                                     : 1
# Multiplexers                                         : 1
 25-bit 2-to-1 multiplexer                             : 1

=========================================================================

=========================================================================
*                         Low Level Synthesis                           *
=========================================================================
WARNING:Xst:1710 - FF/Latch <overflow> (without init value) has a constant value of 1 in block <unidad_aritmetica>. This FF/Latch will be trimmed during the optimization process.

Optimizing unit <unidad_aritmetica> ...

Mapping all equations...
Building and optimizing final netlist ...
Found area constraint ratio of 100 (+ 5) on block unidad_aritmetica, actual ratio is 0.

Final Macro Processing ...

=========================================================================
Final Register Report

Found no macro
=========================================================================

=========================================================================
*                           Partition Report                            *
=========================================================================

Partition Implementation Status
-------------------------------

  No Partitions were found in this design.

-------------------------------

=========================================================================
*                            Design Summary                             *
=========================================================================

Top Level Output File Name         : unidad_aritmetica.ngc

Primitive and Black Box Usage:
------------------------------
# BELS                             : 176
#      GND                         : 1
#      INV                         : 1
#      LUT2                        : 50
#      LUT4                        : 25
#      MUXCY                       : 48
#      VCC                         : 1
#      XORCY                       : 50
# FlipFlops/Latches                : 25
#      LD                          : 25
# Clock Buffers                    : 1
#      BUFG                        : 1
# IO Buffers                       : 78
#      IBUF                        : 52
#      OBUF                        : 26

Device utilization summary:
---------------------------

Selected Device : 6slx16csg324-2 


Slice Logic Utilization: 
 Number of Slice LUTs:                   76  out of   9112     0%  
    Number used as Logic:                76  out of   9112     0%  

Slice Logic Distribution: 
 Number of LUT Flip Flop pairs used:     76
   Number with an unused Flip Flop:      76  out of     76   100%  
   Number with an unused LUT:             0  out of     76     0%  
   Number of fully used LUT-FF pairs:     0  out of     76     0%  
   Number of unique control sets:         1

IO Utilization: 
 Number of IOs:                          78
 Number of bonded IOBs:                  78  out of    232    33%  
    IOB Flip Flops/Latches:              25

Specific Feature Utilization:
 Number of BUFG/BUFGCTRLs:                1  out of     16     6%  

---------------------------
Partition Resource Summary:
---------------------------

  No Partitions were found in this design.

---------------------------


=========================================================================
Timing Report

NOTE: THESE TIMING NUMBERS ARE ONLY A SYNTHESIS ESTIMATE.
      FOR ACCURATE TIMING INFORMATION PLEASE REFER TO THE TRACE REPORT
      GENERATED AFTER PLACE-and-ROUTE.

Clock Information:
------------------
-----------------------------------+------------------------+-------+
Clock Signal                       | Clock buffer(FF name)  | Load  |
-----------------------------------+------------------------+-------+
func<1>                            | IBUF+BUFG              | 25    |
-----------------------------------+------------------------+-------+

Asynchronous Control Signals Information:
----------------------------------------
No asynchronous control signals found in this design

Timing Summary:
---------------
Speed Grade: -2

   Minimum period: No path found
   Minimum input arrival time before clock: 4.444ns
   Maximum output required time after clock: 4.174ns
   Maximum combinational path delay: No path found

Timing Details:
---------------
All values displayed in nanoseconds (ns)

=========================================================================
Timing constraint: Default OFFSET IN BEFORE for Clock 'func<1>'
  Total number of paths / destination ports: 1950 / 25
-------------------------------------------------------------------------
Offset:              4.444ns (Levels of Logic = 28)
  Source:            a<0> (PAD)
  Destination:       y_24 (LATCH)
  Destination Clock: func<1> rising

  Data Path: a<0> to y_24
                                Gate     Net
    Cell:in->out      fanout   Delay   Delay  Logical Name (Net Name)
    ----------------------------------------  ------------
     IBUF:I->O             2   1.328   0.834  a_0_IBUF (a_0_IBUF)
     LUT2:I0->O            1   0.250   0.000  Msub_a[24]_b[24]_sub_2_OUT_lut<0> (Msub_a[24]_b[24]_sub_2_OUT_lut<0>)
     MUXCY:S->O            1   0.215   0.000  Msub_a[24]_b[24]_sub_2_OUT_cy<0> (Msub_a[24]_b[24]_sub_2_OUT_cy<0>)
     MUXCY:CI->O           1   0.023   0.000  Msub_a[24]_b[24]_sub_2_OUT_cy<1> (Msub_a[24]_b[24]_sub_2_OUT_cy<1>)
     MUXCY:CI->O           1   0.023   0.000  Msub_a[24]_b[24]_sub_2_OUT_cy<2> (Msub_a[24]_b[24]_sub_2_OUT_cy<2>)
     MUXCY:CI->O           1   0.023   0.000  Msub_a[24]_b[24]_sub_2_OUT_cy<3> (Msub_a[24]_b[24]_sub_2_OUT_cy<3>)
     MUXCY:CI->O           1   0.023   0.000  Msub_a[24]_b[24]_sub_2_OUT_cy<4> (Msub_a[24]_b[24]_sub_2_OUT_cy<4>)
     MUXCY:CI->O           1   0.023   0.000  Msub_a[24]_b[24]_sub_2_OUT_cy<5> (Msub_a[24]_b[24]_sub_2_OUT_cy<5>)
     MUXCY:CI->O           1   0.023   0.000  Msub_a[24]_b[24]_sub_2_OUT_cy<6> (Msub_a[24]_b[24]_sub_2_OUT_cy<6>)
     MUXCY:CI->O           1   0.023   0.000  Msub_a[24]_b[24]_sub_2_OUT_cy<7> (Msub_a[24]_b[24]_sub_2_OUT_cy<7>)
     MUXCY:CI->O           1   0.023   0.000  Msub_a[24]_b[24]_sub_2_OUT_cy<8> (Msub_a[24]_b[24]_sub_2_OUT_cy<8>)
     MUXCY:CI->O           1   0.023   0.000  Msub_a[24]_b[24]_sub_2_OUT_cy<9> (Msub_a[24]_b[24]_sub_2_OUT_cy<9>)
     MUXCY:CI->O           1   0.023   0.000  Msub_a[24]_b[24]_sub_2_OUT_cy<10> (Msub_a[24]_b[24]_sub_2_OUT_cy<10>)
     MUXCY:CI->O           1   0.023   0.000  Msub_a[24]_b[24]_sub_2_OUT_cy<11> (Msub_a[24]_b[24]_sub_2_OUT_cy<11>)
     MUXCY:CI->O           1   0.023   0.000  Msub_a[24]_b[24]_sub_2_OUT_cy<12> (Msub_a[24]_b[24]_sub_2_OUT_cy<12>)
     MUXCY:CI->O           1   0.023   0.000  Msub_a[24]_b[24]_sub_2_OUT_cy<13> (Msub_a[24]_b[24]_sub_2_OUT_cy<13>)
     MUXCY:CI->O           1   0.023   0.000  Msub_a[24]_b[24]_sub_2_OUT_cy<14> (Msub_a[24]_b[24]_sub_2_OUT_cy<14>)
     MUXCY:CI->O           1   0.023   0.000  Msub_a[24]_b[24]_sub_2_OUT_cy<15> (Msub_a[24]_b[24]_sub_2_OUT_cy<15>)
     MUXCY:CI->O           1   0.023   0.000  Msub_a[24]_b[24]_sub_2_OUT_cy<16> (Msub_a[24]_b[24]_sub_2_OUT_cy<16>)
     MUXCY:CI->O           1   0.023   0.000  Msub_a[24]_b[24]_sub_2_OUT_cy<17> (Msub_a[24]_b[24]_sub_2_OUT_cy<17>)
     MUXCY:CI->O           1   0.023   0.000  Msub_a[24]_b[24]_sub_2_OUT_cy<18> (Msub_a[24]_b[24]_sub_2_OUT_cy<18>)
     MUXCY:CI->O           1   0.023   0.000  Msub_a[24]_b[24]_sub_2_OUT_cy<19> (Msub_a[24]_b[24]_sub_2_OUT_cy<19>)
     MUXCY:CI->O           1   0.023   0.000  Msub_a[24]_b[24]_sub_2_OUT_cy<20> (Msub_a[24]_b[24]_sub_2_OUT_cy<20>)
     MUXCY:CI->O           1   0.023   0.000  Msub_a[24]_b[24]_sub_2_OUT_cy<21> (Msub_a[24]_b[24]_sub_2_OUT_cy<21>)
     MUXCY:CI->O           1   0.023   0.000  Msub_a[24]_b[24]_sub_2_OUT_cy<22> (Msub_a[24]_b[24]_sub_2_OUT_cy<22>)
     MUXCY:CI->O           0   0.023   0.000  Msub_a[24]_b[24]_sub_2_OUT_cy<23> (Msub_a[24]_b[24]_sub_2_OUT_cy<23>)
     XORCY:CI->O           1   0.206   0.790  Msub_a[24]_b[24]_sub_2_OUT_xor<24> (a[24]_b[24]_sub_2_OUT<24>)
     LUT4:I2->O            1   0.250   0.000  func[1]_a[24]_Select_25_o<24>1 (func[1]_a[24]_Select_25_o)
     LD:D                      0.036          y_24
    ----------------------------------------
    Total                      4.444ns (2.820ns logic, 1.624ns route)
                                       (63.5% logic, 36.5% route)

=========================================================================
Timing constraint: Default OFFSET OUT AFTER for Clock 'func<1>'
  Total number of paths / destination ports: 25 / 25
-------------------------------------------------------------------------
Offset:              4.174ns (Levels of Logic = 1)
  Source:            y_24 (LATCH)
  Destination:       y<24> (PAD)
  Source Clock:      func<1> rising

  Data Path: y_24 to y<24>
                                Gate     Net
    Cell:in->out      fanout   Delay   Delay  Logical Name (Net Name)
    ----------------------------------------  ------------
     LD:G->Q               1   0.581   0.681  y_24 (y_24)
     OBUF:I->O                 2.912          y_24_OBUF (y<24>)
    ----------------------------------------
    Total                      4.174ns (3.493ns logic, 0.681ns route)
                                       (83.7% logic, 16.3% route)

=========================================================================

Cross Clock Domains Report:
--------------------------

=========================================================================


Total REAL time to Xst completion: 5.00 secs
Total CPU time to Xst completion: 5.17 secs
 
--> 

Total memory usage is 194672 kilobytes

Number of errors   :    0 (   0 filtered)
Number of warnings :   28 (   0 filtered)
Number of infos    :    0 (   0 filtered)

